192.168.137.1 - - [08/Apr/2022:22:39:25 +0800] "GET /nacos/v1/ns/operator/cluster/state HTTP/1.1" 200 108 2 Nacos-Server:1.3.0,Nacos-Server:1.3.0
192.168.137.1 - - [08/Apr/2022:22:39:25 +0800] "GET /nacos/v1/ns/operator/cluster/state HTTP/1.1" 200 108 2 Nacos-Server:1.3.0,Nacos-Server:1.3.0
192.168.137.1 - - [08/Apr/2022:22:39:25 +0800] "GET /nacos/v1/ns/operator/cluster/state HTTP/1.1" 200 108 8 Nacos-Server:1.3.0,Nacos-Server:1.3.0
192.168.137.1 - - [08/Apr/2022:22:39:25 +0800] "GET /nacos/v1/ns/operator/cluster/state HTTP/1.1" 200 108 2 Nacos-Server:1.3.0,Nacos-Server:1.3.0
192.168.137.1 - - [08/Apr/2022:22:39:25 +0800] "GET /nacos/v1/ns/operator/cluster/state HTTP/1.1" 200 108 2 Nacos-Server:1.3.0,Nacos-Server:1.3.0
192.168.137.1 - - [08/Apr/2022:22:39:25 +0800] "GET /nacos/v1/ns/operator/cluster/state HTTP/1.1" 200 108 2 Nacos-Server:1.3.0,Nacos-Server:1.3.0
192.168.137.1 - - [08/Apr/2022:22:39:25 +0800] "GET /nacos/v1/ns/operator/cluster/state HTTP/1.1" 200 108 2 Nacos-Server:1.3.0,Nacos-Server:1.3.0
192.168.137.1 - - [08/Apr/2022:22:39:25 +0800] "GET /nacos/v1/ns/operator/cluster/state HTTP/1.1" 200 108 2 Nacos-Server:1.3.0,Nacos-Server:1.3.0
192.168.137.1 - - [08/Apr/2022:22:39:25 +0800] "GET /nacos/v1/ns/operator/cluster/state HTTP/1.1" 200 108 2 Nacos-Server:1.3.0,Nacos-Server:1.3.0
192.168.137.1 - - [08/Apr/2022:22:39:25 +0800] "GET /nacos/v1/ns/operator/cluster/state HTTP/1.1" 200 108 3 Nacos-Server:1.3.0,Nacos-Server:1.3.0
192.168.137.1 - - [08/Apr/2022:22:39:25 +0800] "GET /nacos/v1/ns/operator/cluster/state HTTP/1.1" 200 108 8 Nacos-Server:1.3.0,Nacos-Server:1.3.0
192.168.137.1 - - [08/Apr/2022:22:39:25 +0800] "GET /nacos/v1/ns/operator/cluster/state HTTP/1.1" 200 108 2 Nacos-Server:1.3.0,Nacos-Server:1.3.0
192.168.137.1 - - [08/Apr/2022:22:39:25 +0800] "GET /nacos/v1/ns/operator/cluster/state HTTP/1.1" 200 108 2 Nacos-Server:1.3.0,Nacos-Server:1.3.0
192.168.137.1 - - [08/Apr/2022:22:39:25 +0800] "GET /nacos/v1/ns/operator/cluster/state HTTP/1.1" 200 108 2 Nacos-Server:1.3.0,Nacos-Server:1.3.0
192.168.137.1 - - [08/Apr/2022:22:39:25 +0800] "GET /nacos/v1/ns/operator/cluster/state HTTP/1.1" 200 108 2 Nacos-Server:1.3.0,Nacos-Server:1.3.0
192.168.137.1 - - [08/Apr/2022:22:39:25 +0800] "GET /nacos/v1/ns/operator/cluster/state HTTP/1.1" 200 108 2 Nacos-Server:1.3.0,Nacos-Server:1.3.0
192.168.137.1 - - [08/Apr/2022:22:39:25 +0800] "GET /nacos/v1/ns/operator/cluster/state HTTP/1.1" 200 108 3 Nacos-Server:1.3.0,Nacos-Server:1.3.0
192.168.137.1 - - [08/Apr/2022:22:39:25 +0800] "GET /nacos/v1/ns/operator/cluster/state HTTP/1.1" 200 108 3 Nacos-Server:1.3.0,Nacos-Server:1.3.0
192.168.137.1 - - [08/Apr/2022:22:39:25 +0800] "GET /nacos/v1/ns/operator/cluster/state HTTP/1.1" 200 108 2 Nacos-Server:1.3.0,Nacos-Server:1.3.0
192.168.137.1 - - [08/Apr/2022:22:39:25 +0800] "GET /nacos/v1/ns/operator/cluster/state HTTP/1.1" 200 108 2 Nacos-Server:1.3.0,Nacos-Server:1.3.0
192.168.137.1 - - [08/Apr/2022:22:39:25 +0800] "GET /nacos/v1/ns/operator/cluster/state HTTP/1.1" 200 108 2 Nacos-Server:1.3.0,Nacos-Server:1.3.0
192.168.137.1 - - [08/Apr/2022:22:39:25 +0800] "GET /nacos/v1/ns/operator/cluster/state HTTP/1.1" 200 108 4 Nacos-Server:1.3.0,Nacos-Server:1.3.0
192.168.137.1 - - [08/Apr/2022:22:39:25 +0800] "GET /nacos/v1/ns/operator/cluster/state HTTP/1.1" 200 108 2 Nacos-Server:1.3.0,Nacos-Server:1.3.0
192.168.137.1 - - [08/Apr/2022:22:39:25 +0800] "GET /nacos/v1/ns/operator/cluster/state HTTP/1.1" 200 108 2 Nacos-Server:1.3.0,Nacos-Server:1.3.0
192.168.137.1 - - [08/Apr/2022:22:39:25 +0800] "GET /nacos/v1/ns/operator/cluster/state HTTP/1.1" 200 108 2 Nacos-Server:1.3.0,Nacos-Server:1.3.0
192.168.137.1 - - [08/Apr/2022:22:39:25 +0800] "GET /nacos/v1/ns/operator/cluster/state HTTP/1.1" 200 108 1 Nacos-Server:1.3.0,Nacos-Server:1.3.0
192.168.137.1 - - [08/Apr/2022:22:39:25 +0800] "GET /nacos/v1/ns/operator/cluster/state HTTP/1.1" 200 108 1 Nacos-Server:1.3.0,Nacos-Server:1.3.0
192.168.137.1 - - [08/Apr/2022:22:39:25 +0800] "GET /nacos/v1/ns/operator/cluster/state HTTP/1.1" 200 108 7 Nacos-Server:1.3.0,Nacos-Server:1.3.0
192.168.137.1 - - [08/Apr/2022:22:39:25 +0800] "GET /nacos/v1/ns/operator/cluster/state HTTP/1.1" 200 108 2 Nacos-Server:1.3.0,Nacos-Server:1.3.0
192.168.137.1 - - [08/Apr/2022:22:39:25 +0800] "GET /nacos/v1/ns/operator/cluster/state HTTP/1.1" 200 108 2 Nacos-Server:1.3.0,Nacos-Server:1.3.0
192.168.137.1 - - [08/Apr/2022:22:39:25 +0800] "GET /nacos/v1/ns/operator/cluster/state HTTP/1.1" 200 108 2 Nacos-Server:1.3.0,Nacos-Server:1.3.0
192.168.137.1 - - [08/Apr/2022:22:39:25 +0800] "GET /nacos/v1/ns/operator/cluster/state HTTP/1.1" 200 108 2 Nacos-Server:1.3.0,Nacos-Server:1.3.0
192.168.137.1 - - [08/Apr/2022:22:39:25 +0800] "GET /nacos/v1/ns/operator/cluster/state HTTP/1.1" 200 108 2 Nacos-Server:1.3.0,Nacos-Server:1.3.0
192.168.137.1 - - [08/Apr/2022:22:39:25 +0800] "GET /nacos/v1/ns/operator/cluster/state HTTP/1.1" 200 108 2 Nacos-Server:1.3.0,Nacos-Server:1.3.0
192.168.137.1 - - [08/Apr/2022:22:39:25 +0800] "GET /nacos/v1/ns/operator/cluster/state HTTP/1.1" 200 108 2 Nacos-Server:1.3.0,Nacos-Server:1.3.0
192.168.137.1 - - [08/Apr/2022:22:39:26 +0800] "POST /nacos/v1/ns/service/status HTTP/1.1" 200 2 2 Nacos-Server:1.3.0
127.0.0.1 - - [08/Apr/2022:22:39:27 +0800] "GET /nacos/v1/ns/instance/list?app=unknown&healthyOnly=false&namespaceId=public&clientIP=192.168.1.111&serviceName=DEFAULT_GROUP%40%40com.chumyuenlaw.rpc.api.CanteenService&udpPort=64732&encoding=UTF-8 HTTP/1.1" 200 622 49 Nacos-Java-Client:v1.3.0
192.168.137.1 - - [08/Apr/2022:22:39:27 +0800] "GET /nacos/v1/ns/operator/cluster/state HTTP/1.1" 200 108 1 Nacos-Server:1.3.0,Nacos-Server:1.3.0
127.0.0.1 - - [08/Apr/2022:22:39:28 +0800] "PUT /nacos/v1/ns/instance/beat?app=unknown&namespaceId=public&port=9001&clusterName=DEFAULT&ip=127.0.0.1&serviceName=DEFAULT_GROUP%40%40com.chumyuenlaw.rpc.api.CanteenService&encoding=UTF-8 HTTP/1.1" 200 75 2 Nacos-Java-Client:v1.3.0
192.168.137.1 - - [08/Apr/2022:22:39:28 +0800] "PUT /nacos/v1/ns/distro/checksum?source=192.168.1.111%3A8848 HTTP/1.1" 200 2 1 Nacos-Server:1.3.0
127.0.0.1 - - [08/Apr/2022:22:39:28 +0800] "GET /nacos/v1/ns/instance/list?app=unknown&healthyOnly=false&namespaceId=public&clientIP=192.168.1.111&serviceName=DEFAULT_GROUP%40%40com.chumyuenlaw.rpc.api.CanteenService&udpPort=64732&encoding=UTF-8 HTTP/1.1" 200 622 2 Nacos-Java-Client:v1.3.0
192.168.137.1 - - [08/Apr/2022:22:39:29 +0800] "GET /nacos/v1/ns/operator/cluster/state HTTP/1.1" 200 108 1 Nacos-Server:1.3.0,Nacos-Server:1.3.0
192.168.137.1 - - [08/Apr/2022:22:39:30 +0800] "POST /nacos/v1/ns/raft/beat HTTP/1.1" 500 - 2 Nacos-Server:1.3.0
192.168.137.1 - - [08/Apr/2022:22:39:31 +0800] "POST /nacos/v1/ns/service/status HTTP/1.1" 200 2 2 Nacos-Server:1.3.0
192.168.137.1 - - [08/Apr/2022:22:39:31 +0800] "GET /nacos/v1/ns/operator/cluster/state HTTP/1.1" 200 108 1 Nacos-Server:1.3.0,Nacos-Server:1.3.0
127.0.0.1 - - [08/Apr/2022:22:39:33 +0800] "PUT /nacos/v1/ns/instance/beat?app=unknown&namespaceId=public&port=9001&clusterName=DEFAULT&ip=127.0.0.1&serviceName=DEFAULT_GROUP%40%40com.chumyuenlaw.rpc.api.CanteenService&encoding=UTF-8 HTTP/1.1" 200 75 1 Nacos-Java-Client:v1.3.0
192.168.137.1 - - [08/Apr/2022:22:39:33 +0800] "PUT /nacos/v1/ns/distro/checksum?source=192.168.1.111%3A8848 HTTP/1.1" 200 2 1 Nacos-Server:1.3.0
192.168.137.1 - - [08/Apr/2022:22:39:33 +0800] "GET /nacos/v1/ns/operator/cluster/state HTTP/1.1" 200 108 1 Nacos-Server:1.3.0,Nacos-Server:1.3.0
192.168.137.1 - - [08/Apr/2022:22:39:35 +0800] "POST /nacos/v1/ns/raft/beat HTTP/1.1" 500 - 2 Nacos-Server:1.3.0
192.168.137.1 - - [08/Apr/2022:22:39:35 +0800] "GET /nacos/v1/ns/operator/cluster/state HTTP/1.1" 200 108 1 Nacos-Server:1.3.0,Nacos-Server:1.3.0
192.168.137.1 - - [08/Apr/2022:22:39:36 +0800] "POST /nacos/v1/ns/service/status HTTP/1.1" 200 2 1 Nacos-Server:1.3.0
192.168.137.1 - - [08/Apr/2022:22:39:37 +0800] "GET /nacos/v1/ns/operator/cluster/state HTTP/1.1" 200 108 1 Nacos-Server:1.3.0,Nacos-Server:1.3.0
127.0.0.1 - - [08/Apr/2022:22:39:38 +0800] "PUT /nacos/v1/ns/instance/beat?app=unknown&namespaceId=public&port=9001&clusterName=DEFAULT&ip=127.0.0.1&serviceName=DEFAULT_GROUP%40%40com.chumyuenlaw.rpc.api.CanteenService&encoding=UTF-8 HTTP/1.1" 200 75 1 Nacos-Java-Client:v1.3.0
192.168.137.1 - - [08/Apr/2022:22:39:38 +0800] "PUT /nacos/v1/ns/distro/checksum?source=192.168.1.111%3A8848 HTTP/1.1" 200 2 1 Nacos-Server:1.3.0
127.0.0.1 - - [08/Apr/2022:22:39:38 +0800] "GET /nacos/v1/ns/instance/list?app=unknown&healthyOnly=false&namespaceId=public&clientIP=192.168.1.111&serviceName=DEFAULT_GROUP%40%40com.chumyuenlaw.rpc.api.CanteenService&udpPort=64732&encoding=UTF-8 HTTP/1.1" 200 622 2 Nacos-Java-Client:v1.3.0
192.168.137.1 - - [08/Apr/2022:22:39:39 +0800] "GET /nacos/v1/ns/operator/cluster/state HTTP/1.1" 200 108 1 Nacos-Server:1.3.0,Nacos-Server:1.3.0
192.168.137.1 - - [08/Apr/2022:22:39:40 +0800] "POST /nacos/v1/ns/raft/beat HTTP/1.1" 500 - 2 Nacos-Server:1.3.0
192.168.137.1 - - [08/Apr/2022:22:39:41 +0800] "POST /nacos/v1/ns/service/status HTTP/1.1" 200 2 1 Nacos-Server:1.3.0
192.168.137.1 - - [08/Apr/2022:22:39:41 +0800] "GET /nacos/v1/ns/operator/cluster/state HTTP/1.1" 200 108 1 Nacos-Server:1.3.0,Nacos-Server:1.3.0
127.0.0.1 - - [08/Apr/2022:22:39:43 +0800] "PUT /nacos/v1/ns/instance/beat?app=unknown&namespaceId=public&port=9001&clusterName=DEFAULT&ip=127.0.0.1&serviceName=DEFAULT_GROUP%40%40com.chumyuenlaw.rpc.api.CanteenService&encoding=UTF-8 HTTP/1.1" 200 75 2 Nacos-Java-Client:v1.3.0
192.168.137.1 - - [08/Apr/2022:22:39:43 +0800] "PUT /nacos/v1/ns/distro/checksum?source=192.168.1.111%3A8848 HTTP/1.1" 200 2 1 Nacos-Server:1.3.0
192.168.137.1 - - [08/Apr/2022:22:39:43 +0800] "GET /nacos/v1/ns/operator/cluster/state HTTP/1.1" 200 108 1 Nacos-Server:1.3.0,Nacos-Server:1.3.0
192.168.137.1 - - [08/Apr/2022:22:39:45 +0800] "POST /nacos/v1/ns/raft/beat HTTP/1.1" 500 - 1 Nacos-Server:1.3.0
192.168.137.1 - - [08/Apr/2022:22:39:45 +0800] "GET /nacos/v1/ns/operator/cluster/state HTTP/1.1" 200 108 1 Nacos-Server:1.3.0,Nacos-Server:1.3.0
127.0.0.1 - - [08/Apr/2022:22:39:48 +0800] "PUT /nacos/v1/ns/instance/beat?app=unknown&namespaceId=public&port=9001&clusterName=DEFAULT&ip=127.0.0.1&serviceName=DEFAULT_GROUP%40%40com.chumyuenlaw.rpc.api.CanteenService&encoding=UTF-8 HTTP/1.1" 200 75 1 Nacos-Java-Client:v1.3.0
127.0.0.1 - - [08/Apr/2022:22:39:48 +0800] "GET /nacos/v1/ns/instance/list?app=unknown&healthyOnly=false&namespaceId=public&clientIP=192.168.1.111&serviceName=DEFAULT_GROUP%40%40com.chumyuenlaw.rpc.api.CanteenService&udpPort=64732&encoding=UTF-8 HTTP/1.1" 200 622 1 Nacos-Java-Client:v1.3.0
192.168.1.111 - - [08/Apr/2022:22:39:50 +0800] "POST /nacos/v1/ns/raft/beat HTTP/1.1" 500 - 1 Nacos-Server:1.3.0
127.0.0.1 - - [08/Apr/2022:22:39:53 +0800] "PUT /nacos/v1/ns/instance/beat?app=unknown&namespaceId=public&port=9001&clusterName=DEFAULT&ip=127.0.0.1&serviceName=DEFAULT_GROUP%40%40com.chumyuenlaw.rpc.api.CanteenService&encoding=UTF-8 HTTP/1.1" 200 75 1 Nacos-Java-Client:v1.3.0
127.0.0.1 - - [08/Apr/2022:22:39:54 +0800] "DELETE /nacos/v1/ns/instance?app=unknown&namespaceId=public&port=9001&clusterName=DEFAULT&ip=127.0.0.1&ephemeral=true&serviceName=DEFAULT_GROUP%40%40com.chumyuenlaw.rpc.api.CanteenService&encoding=UTF-8 HTTP/1.1" 200 2 2 Nacos-Java-Client:v1.3.0
192.168.1.111 - - [08/Apr/2022:22:39:55 +0800] "POST /nacos/v1/ns/raft/beat HTTP/1.1" 500 - 2 Nacos-Server:1.3.0
192.168.1.111 - - [08/Apr/2022:22:40:00 +0800] "POST /nacos/v1/ns/raft/beat HTTP/1.1" 500 - 2 Nacos-Server:1.3.0
192.168.1.111 - - [08/Apr/2022:22:40:05 +0800] "POST /nacos/v1/ns/raft/beat HTTP/1.1" 500 - 2 Nacos-Server:1.3.0
192.168.1.111 - - [08/Apr/2022:22:40:10 +0800] "POST /nacos/v1/ns/raft/beat HTTP/1.1" 500 - 2 Nacos-Server:1.3.0
192.168.1.111 - - [08/Apr/2022:22:40:15 +0800] "POST /nacos/v1/ns/raft/beat HTTP/1.1" 500 - 2 Nacos-Server:1.3.0
192.168.1.111 - - [08/Apr/2022:22:40:20 +0800] "POST /nacos/v1/ns/raft/beat HTTP/1.1" 500 - 2 Nacos-Server:1.3.0
192.168.1.111 - - [08/Apr/2022:22:40:25 +0800] "POST /nacos/v1/ns/raft/beat HTTP/1.1" 500 - 2 Nacos-Server:1.3.0
192.168.1.111 - - [08/Apr/2022:22:40:30 +0800] "POST /nacos/v1/ns/raft/beat HTTP/1.1" 500 - 3 Nacos-Server:1.3.0
192.168.1.111 - - [08/Apr/2022:22:40:36 +0800] "POST /nacos/v1/ns/raft/beat HTTP/1.1" 500 - 2 Nacos-Server:1.3.0
192.168.1.111 - - [08/Apr/2022:22:40:41 +0800] "POST /nacos/v1/ns/raft/beat HTTP/1.1" 500 - 2 Nacos-Server:1.3.0
192.168.1.111 - - [08/Apr/2022:22:40:46 +0800] "POST /nacos/v1/ns/raft/beat HTTP/1.1" 500 - 2 Nacos-Server:1.3.0
127.0.0.1 - - [08/Apr/2022:22:40:51 +0800] "GET /nacos/v1/ns/instance/list?app=unknown&healthyOnly=false&namespaceId=public&clientIP=192.168.1.111&serviceName=DEFAULT_GROUP%40%40com.chumyuenlaw.rpc.api.CanteenService&udpPort=55486&encoding=UTF-8 HTTP/1.1" 200 304 3 Nacos-Java-Client:v1.3.0
192.168.1.111 - - [08/Apr/2022:22:40:51 +0800] "POST /nacos/v1/ns/raft/beat HTTP/1.1" 500 - 4 Nacos-Server:1.3.0
192.168.1.111 - - [08/Apr/2022:22:40:56 +0800] "POST /nacos/v1/ns/raft/beat HTTP/1.1" 500 - 3 Nacos-Server:1.3.0
127.0.0.1 - - [08/Apr/2022:22:41:01 +0800] "POST /nacos/v1/ns/instance?app=unknown&metadata=%7B%7D&ip=127.0.0.1&weight=1.0&ephemeral=true&serviceName=DEFAULT_GROUP%40%40com.chumyuenlaw.rpc.api.AddService&encoding=UTF-8&groupName=DEFAULT_GROUP&namespaceId=public&port=9001&enable=true&healthy=true&clusterName=DEFAULT HTTP/1.1" 200 2 5 Nacos-Java-Client:v1.3.0
192.168.1.111 - - [08/Apr/2022:22:41:01 +0800] "POST /nacos/v1/ns/raft/beat HTTP/1.1" 500 - 4 Nacos-Server:1.3.0
127.0.0.1 - - [08/Apr/2022:22:41:01 +0800] "POST /nacos/v1/ns/instance?app=unknown&metadata=%7B%7D&ip=127.0.0.1&weight=1.0&ephemeral=true&serviceName=DEFAULT_GROUP%40%40com.chumyuenlaw.rpc.api.CanteenService&encoding=UTF-8&groupName=DEFAULT_GROUP&namespaceId=public&port=9001&enable=true&healthy=true&clusterName=DEFAULT HTTP/1.1" 200 2 3 Nacos-Java-Client:v1.3.0
127.0.0.1 - - [08/Apr/2022:22:41:05 +0800] "PUT /nacos/v1/ns/instance/beat?app=unknown&namespaceId=public&port=9001&clusterName=DEFAULT&ip=127.0.0.1&serviceName=DEFAULT_GROUP%40%40com.chumyuenlaw.rpc.api.AddService&encoding=UTF-8 HTTP/1.1" 200 75 2 Nacos-Java-Client:v1.3.0
127.0.0.1 - - [08/Apr/2022:22:41:06 +0800] "PUT /nacos/v1/ns/instance/beat?app=unknown&namespaceId=public&port=9001&clusterName=DEFAULT&ip=127.0.0.1&serviceName=DEFAULT_GROUP%40%40com.chumyuenlaw.rpc.api.CanteenService&encoding=UTF-8 HTTP/1.1" 200 75 1 Nacos-Java-Client:v1.3.0
192.168.1.111 - - [08/Apr/2022:22:41:06 +0800] "POST /nacos/v1/ns/raft/beat HTTP/1.1" 500 - 2 Nacos-Server:1.3.0
127.0.0.1 - - [08/Apr/2022:22:41:10 +0800] "GET /nacos/v1/ns/instance/list?app=unknown&healthyOnly=false&namespaceId=public&clientIP=192.168.1.111&serviceName=DEFAULT_GROUP%40%40com.chumyuenlaw.rpc.api.CanteenService&udpPort=55491&encoding=UTF-8 HTTP/1.1" 200 622 1 Nacos-Java-Client:v1.3.0
127.0.0.1 - - [08/Apr/2022:22:41:10 +0800] "PUT /nacos/v1/ns/instance/beat?app=unknown&namespaceId=public&port=9001&clusterName=DEFAULT&ip=127.0.0.1&serviceName=DEFAULT_GROUP%40%40com.chumyuenlaw.rpc.api.AddService&encoding=UTF-8 HTTP/1.1" 200 75 1 Nacos-Java-Client:v1.3.0
127.0.0.1 - - [08/Apr/2022:22:41:11 +0800] "GET /nacos/v1/ns/instance/list?app=unknown&healthyOnly=false&namespaceId=public&clientIP=192.168.1.111&serviceName=DEFAULT_GROUP%40%40com.chumyuenlaw.rpc.api.CanteenService&udpPort=55491&encoding=UTF-8 HTTP/1.1" 200 622 1 Nacos-Java-Client:v1.3.0
127.0.0.1 - - [08/Apr/2022:22:41:11 +0800] "PUT /nacos/v1/ns/instance/beat?app=unknown&namespaceId=public&port=9001&clusterName=DEFAULT&ip=127.0.0.1&serviceName=DEFAULT_GROUP%40%40com.chumyuenlaw.rpc.api.CanteenService&encoding=UTF-8 HTTP/1.1" 200 75 2 Nacos-Java-Client:v1.3.0
192.168.1.111 - - [08/Apr/2022:22:41:11 +0800] "POST /nacos/v1/ns/raft/beat HTTP/1.1" 500 - 3 Nacos-Server:1.3.0
127.0.0.1 - - [08/Apr/2022:22:41:15 +0800] "PUT /nacos/v1/ns/instance/beat?app=unknown&namespaceId=public&port=9001&clusterName=DEFAULT&ip=127.0.0.1&serviceName=DEFAULT_GROUP%40%40com.chumyuenlaw.rpc.api.AddService&encoding=UTF-8 HTTP/1.1" 200 75 2 Nacos-Java-Client:v1.3.0
127.0.0.1 - - [08/Apr/2022:22:41:16 +0800] "PUT /nacos/v1/ns/instance/beat?app=unknown&namespaceId=public&port=9001&clusterName=DEFAULT&ip=127.0.0.1&serviceName=DEFAULT_GROUP%40%40com.chumyuenlaw.rpc.api.CanteenService&encoding=UTF-8 HTTP/1.1" 200 75 1 Nacos-Java-Client:v1.3.0
192.168.1.111 - - [08/Apr/2022:22:41:16 +0800] "POST /nacos/v1/ns/raft/beat HTTP/1.1" 500 - 3 Nacos-Server:1.3.0
127.0.0.1 - - [08/Apr/2022:22:41:20 +0800] "PUT /nacos/v1/ns/instance/beat?app=unknown&namespaceId=public&port=9001&clusterName=DEFAULT&ip=127.0.0.1&serviceName=DEFAULT_GROUP%40%40com.chumyuenlaw.rpc.api.AddService&encoding=UTF-8 HTTP/1.1" 200 75 1 Nacos-Java-Client:v1.3.0
127.0.0.1 - - [08/Apr/2022:22:41:21 +0800] "GET /nacos/v1/ns/instance/list?app=unknown&healthyOnly=false&namespaceId=public&clientIP=192.168.1.111&serviceName=DEFAULT_GROUP%40%40com.chumyuenlaw.rpc.api.CanteenService&udpPort=55491&encoding=UTF-8 HTTP/1.1" 200 622 2 Nacos-Java-Client:v1.3.0
127.0.0.1 - - [08/Apr/2022:22:41:21 +0800] "PUT /nacos/v1/ns/instance/beat?app=unknown&namespaceId=public&port=9001&clusterName=DEFAULT&ip=127.0.0.1&serviceName=DEFAULT_GROUP%40%40com.chumyuenlaw.rpc.api.CanteenService&encoding=UTF-8 HTTP/1.1" 200 75 1 Nacos-Java-Client:v1.3.0
192.168.1.111 - - [08/Apr/2022:22:41:21 +0800] "POST /nacos/v1/ns/raft/beat HTTP/1.1" 500 - 1 Nacos-Server:1.3.0
127.0.0.1 - - [08/Apr/2022:22:41:25 +0800] "PUT /nacos/v1/ns/instance/beat?app=unknown&namespaceId=public&port=9001&clusterName=DEFAULT&ip=127.0.0.1&serviceName=DEFAULT_GROUP%40%40com.chumyuenlaw.rpc.api.AddService&encoding=UTF-8 HTTP/1.1" 200 75 2 Nacos-Java-Client:v1.3.0
127.0.0.1 - - [08/Apr/2022:22:41:26 +0800] "PUT /nacos/v1/ns/instance/beat?app=unknown&namespaceId=public&port=9001&clusterName=DEFAULT&ip=127.0.0.1&serviceName=DEFAULT_GROUP%40%40com.chumyuenlaw.rpc.api.CanteenService&encoding=UTF-8 HTTP/1.1" 200 75 1 Nacos-Java-Client:v1.3.0
192.168.1.111 - - [08/Apr/2022:22:41:26 +0800] "POST /nacos/v1/ns/raft/beat HTTP/1.1" 500 - 3 Nacos-Server:1.3.0
127.0.0.1 - - [08/Apr/2022:22:41:30 +0800] "PUT /nacos/v1/ns/instance/beat?app=unknown&namespaceId=public&port=9001&clusterName=DEFAULT&ip=127.0.0.1&serviceName=DEFAULT_GROUP%40%40com.chumyuenlaw.rpc.api.AddService&encoding=UTF-8 HTTP/1.1" 200 75 2 Nacos-Java-Client:v1.3.0
127.0.0.1 - - [08/Apr/2022:22:41:31 +0800] "PUT /nacos/v1/ns/instance/beat?app=unknown&namespaceId=public&port=9001&clusterName=DEFAULT&ip=127.0.0.1&serviceName=DEFAULT_GROUP%40%40com.chumyuenlaw.rpc.api.CanteenService&encoding=UTF-8 HTTP/1.1" 200 75 1 Nacos-Java-Client:v1.3.0
192.168.1.111 - - [08/Apr/2022:22:41:31 +0800] "POST /nacos/v1/ns/raft/beat HTTP/1.1" 500 - 2 Nacos-Server:1.3.0
127.0.0.1 - - [08/Apr/2022:22:41:35 +0800] "PUT /nacos/v1/ns/instance/beat?app=unknown&namespaceId=public&port=9001&clusterName=DEFAULT&ip=127.0.0.1&serviceName=DEFAULT_GROUP%40%40com.chumyuenlaw.rpc.api.AddService&encoding=UTF-8 HTTP/1.1" 200 75 2 Nacos-Java-Client:v1.3.0
127.0.0.1 - - [08/Apr/2022:22:41:36 +0800] "PUT /nacos/v1/ns/instance/beat?app=unknown&namespaceId=public&port=9001&clusterName=DEFAULT&ip=127.0.0.1&serviceName=DEFAULT_GROUP%40%40com.chumyuenlaw.rpc.api.CanteenService&encoding=UTF-8 HTTP/1.1" 200 75 1 Nacos-Java-Client:v1.3.0
192.168.1.111 - - [08/Apr/2022:22:41:36 +0800] "POST /nacos/v1/ns/raft/beat HTTP/1.1" 500 - 2 Nacos-Server:1.3.0
127.0.0.1 - - [08/Apr/2022:22:41:40 +0800] "PUT /nacos/v1/ns/instance/beat?app=unknown&namespaceId=public&port=9001&clusterName=DEFAULT&ip=127.0.0.1&serviceName=DEFAULT_GROUP%40%40com.chumyuenlaw.rpc.api.AddService&encoding=UTF-8 HTTP/1.1" 200 75 2 Nacos-Java-Client:v1.3.0
127.0.0.1 - - [08/Apr/2022:22:41:41 +0800] "PUT /nacos/v1/ns/instance/beat?app=unknown&namespaceId=public&port=9001&clusterName=DEFAULT&ip=127.0.0.1&serviceName=DEFAULT_GROUP%40%40com.chumyuenlaw.rpc.api.CanteenService&encoding=UTF-8 HTTP/1.1" 200 75 1 Nacos-Java-Client:v1.3.0
192.168.1.111 - - [08/Apr/2022:22:41:42 +0800] "POST /nacos/v1/ns/raft/beat HTTP/1.1" 500 - 2 Nacos-Server:1.3.0
127.0.0.1 - - [08/Apr/2022:22:41:45 +0800] "PUT /nacos/v1/ns/instance/beat?app=unknown&namespaceId=public&port=9001&clusterName=DEFAULT&ip=127.0.0.1&serviceName=DEFAULT_GROUP%40%40com.chumyuenlaw.rpc.api.AddService&encoding=UTF-8 HTTP/1.1" 200 75 2 Nacos-Java-Client:v1.3.0
127.0.0.1 - - [08/Apr/2022:22:41:46 +0800] "PUT /nacos/v1/ns/instance/beat?app=unknown&namespaceId=public&port=9001&clusterName=DEFAULT&ip=127.0.0.1&serviceName=DEFAULT_GROUP%40%40com.chumyuenlaw.rpc.api.CanteenService&encoding=UTF-8 HTTP/1.1" 200 75 1 Nacos-Java-Client:v1.3.0
192.168.1.111 - - [08/Apr/2022:22:41:47 +0800] "POST /nacos/v1/ns/raft/beat HTTP/1.1" 500 - 2 Nacos-Server:1.3.0
127.0.0.1 - - [08/Apr/2022:22:41:50 +0800] "PUT /nacos/v1/ns/instance/beat?app=unknown&namespaceId=public&port=9001&clusterName=DEFAULT&ip=127.0.0.1&serviceName=DEFAULT_GROUP%40%40com.chumyuenlaw.rpc.api.AddService&encoding=UTF-8 HTTP/1.1" 200 75 2 Nacos-Java-Client:v1.3.0
127.0.0.1 - - [08/Apr/2022:22:41:51 +0800] "PUT /nacos/v1/ns/instance/beat?app=unknown&namespaceId=public&port=9001&clusterName=DEFAULT&ip=127.0.0.1&serviceName=DEFAULT_GROUP%40%40com.chumyuenlaw.rpc.api.CanteenService&encoding=UTF-8 HTTP/1.1" 200 75 1 Nacos-Java-Client:v1.3.0
192.168.1.111 - - [08/Apr/2022:22:41:52 +0800] "POST /nacos/v1/ns/raft/beat HTTP/1.1" 500 - 2 Nacos-Server:1.3.0
127.0.0.1 - - [08/Apr/2022:22:41:55 +0800] "PUT /nacos/v1/ns/instance/beat?app=unknown&namespaceId=public&port=9001&clusterName=DEFAULT&ip=127.0.0.1&serviceName=DEFAULT_GROUP%40%40com.chumyuenlaw.rpc.api.AddService&encoding=UTF-8 HTTP/1.1" 200 75 1 Nacos-Java-Client:v1.3.0
127.0.0.1 - - [08/Apr/2022:22:41:56 +0800] "PUT /nacos/v1/ns/instance/beat?app=unknown&namespaceId=public&port=9001&clusterName=DEFAULT&ip=127.0.0.1&serviceName=DEFAULT_GROUP%40%40com.chumyuenlaw.rpc.api.CanteenService&encoding=UTF-8 HTTP/1.1" 200 75 0 Nacos-Java-Client:v1.3.0
192.168.1.111 - - [08/Apr/2022:22:41:57 +0800] "POST /nacos/v1/ns/raft/beat HTTP/1.1" 500 - 2 Nacos-Server:1.3.0
127.0.0.1 - - [08/Apr/2022:22:42:00 +0800] "PUT /nacos/v1/ns/instance/beat?app=unknown&namespaceId=public&port=9001&clusterName=DEFAULT&ip=127.0.0.1&serviceName=DEFAULT_GROUP%40%40com.chumyuenlaw.rpc.api.AddService&encoding=UTF-8 HTTP/1.1" 200 75 2 Nacos-Java-Client:v1.3.0
127.0.0.1 - - [08/Apr/2022:22:42:01 +0800] "PUT /nacos/v1/ns/instance/beat?app=unknown&namespaceId=public&port=9001&clusterName=DEFAULT&ip=127.0.0.1&serviceName=DEFAULT_GROUP%40%40com.chumyuenlaw.rpc.api.CanteenService&encoding=UTF-8 HTTP/1.1" 200 75 1 Nacos-Java-Client:v1.3.0
192.168.1.111 - - [08/Apr/2022:22:42:02 +0800] "POST /nacos/v1/ns/raft/beat HTTP/1.1" 500 - 2 Nacos-Server:1.3.0
127.0.0.1 - - [08/Apr/2022:22:42:05 +0800] "PUT /nacos/v1/ns/instance/beat?app=unknown&namespaceId=public&port=9001&clusterName=DEFAULT&ip=127.0.0.1&serviceName=DEFAULT_GROUP%40%40com.chumyuenlaw.rpc.api.AddService&encoding=UTF-8 HTTP/1.1" 200 75 2 Nacos-Java-Client:v1.3.0
127.0.0.1 - - [08/Apr/2022:22:42:06 +0800] "PUT /nacos/v1/ns/instance/beat?app=unknown&namespaceId=public&port=9001&clusterName=DEFAULT&ip=127.0.0.1&serviceName=DEFAULT_GROUP%40%40com.chumyuenlaw.rpc.api.CanteenService&encoding=UTF-8 HTTP/1.1" 200 75 1 Nacos-Java-Client:v1.3.0
192.168.1.111 - - [08/Apr/2022:22:42:07 +0800] "POST /nacos/v1/ns/raft/beat HTTP/1.1" 500 - 3 Nacos-Server:1.3.0
127.0.0.1 - - [08/Apr/2022:22:42:09 +0800] "GET /nacos/v1/ns/instance/list?app=unknown&healthyOnly=false&namespaceId=public&clientIP=192.168.1.111&serviceName=DEFAULT_GROUP%40%40com.chumyuenlaw.rpc.api.AddService&udpPort=55258&encoding=UTF-8 HTTP/1.1" 200 606 3 Nacos-Java-Client:v1.3.0
127.0.0.1 - - [08/Apr/2022:22:42:10 +0800] "GET /nacos/v1/ns/instance/list?app=unknown&healthyOnly=false&namespaceId=public&clientIP=192.168.1.111&serviceName=DEFAULT_GROUP%40%40com.chumyuenlaw.rpc.api.AddService&udpPort=55258&encoding=UTF-8 HTTP/1.1" 200 606 1 Nacos-Java-Client:v1.3.0
127.0.0.1 - - [08/Apr/2022:22:42:10 +0800] "PUT /nacos/v1/ns/instance/beat?app=unknown&namespaceId=public&port=9001&clusterName=DEFAULT&ip=127.0.0.1&serviceName=DEFAULT_GROUP%40%40com.chumyuenlaw.rpc.api.AddService&encoding=UTF-8 HTTP/1.1" 200 75 1 Nacos-Java-Client:v1.3.0
127.0.0.1 - - [08/Apr/2022:22:42:11 +0800] "PUT /nacos/v1/ns/instance/beat?app=unknown&namespaceId=public&port=9001&clusterName=DEFAULT&ip=127.0.0.1&serviceName=DEFAULT_GROUP%40%40com.chumyuenlaw.rpc.api.CanteenService&encoding=UTF-8 HTTP/1.1" 200 75 2 Nacos-Java-Client:v1.3.0
192.168.1.111 - - [08/Apr/2022:22:42:12 +0800] "POST /nacos/v1/ns/raft/beat HTTP/1.1" 500 - 2 Nacos-Server:1.3.0
127.0.0.1 - - [08/Apr/2022:22:42:15 +0800] "PUT /nacos/v1/ns/instance/beat?app=unknown&namespaceId=public&port=9001&clusterName=DEFAULT&ip=127.0.0.1&serviceName=DEFAULT_GROUP%40%40com.chumyuenlaw.rpc.api.AddService&encoding=UTF-8 HTTP/1.1" 200 75 2 Nacos-Java-Client:v1.3.0
127.0.0.1 - - [08/Apr/2022:22:42:16 +0800] "PUT /nacos/v1/ns/instance/beat?app=unknown&namespaceId=public&port=9001&clusterName=DEFAULT&ip=127.0.0.1&serviceName=DEFAULT_GROUP%40%40com.chumyuenlaw.rpc.api.CanteenService&encoding=UTF-8 HTTP/1.1" 200 75 1 Nacos-Java-Client:v1.3.0
192.168.1.111 - - [08/Apr/2022:22:42:17 +0800] "POST /nacos/v1/ns/raft/beat HTTP/1.1" 500 - 2 Nacos-Server:1.3.0
192.168.1.111 - - [08/Apr/2022:22:42:22 +0800] "POST /nacos/v1/ns/raft/beat HTTP/1.1" 500 - 2 Nacos-Server:1.3.0
192.168.1.111 - - [08/Apr/2022:22:42:27 +0800] "POST /nacos/v1/ns/raft/beat HTTP/1.1" 500 - 2 Nacos-Server:1.3.0
192.168.1.111 - - [08/Apr/2022:22:42:32 +0800] "POST /nacos/v1/ns/raft/beat HTTP/1.1" 500 - 2 Nacos-Server:1.3.0
192.168.1.111 - - [08/Apr/2022:22:42:37 +0800] "POST /nacos/v1/ns/raft/beat HTTP/1.1" 500 - 2 Nacos-Server:1.3.0
192.168.1.111 - - [08/Apr/2022:22:42:43 +0800] "POST /nacos/v1/ns/raft/beat HTTP/1.1" 500 - 2 Nacos-Server:1.3.0
127.0.0.1 - - [08/Apr/2022:22:42:46 +0800] "DELETE /nacos/v1/ns/instance?ephemeral=true&serviceName=DEFAULT_GROUP%40%40com.chumyuenlaw.rpc.api.AddService&port=9001&namespaceId=public&ip=127.0.0.1&clusterName=DEFAULT HTTP/1.1" 200 2 4 Nacos-Server:1.3.0
192.168.1.111 - - [08/Apr/2022:22:42:48 +0800] "POST /nacos/v1/ns/raft/beat HTTP/1.1" 500 - 1 Nacos-Server:1.3.0
127.0.0.1 - - [08/Apr/2022:22:42:49 +0800] "DELETE /nacos/v1/ns/instance?ephemeral=true&serviceName=DEFAULT_GROUP%40%40com.chumyuenlaw.rpc.api.CanteenService&port=9001&namespaceId=public&ip=127.0.0.1&clusterName=DEFAULT HTTP/1.1" 200 2 2 Nacos-Server:1.3.0
192.168.1.111 - - [08/Apr/2022:22:42:53 +0800] "POST /nacos/v1/ns/raft/beat HTTP/1.1" 500 - 1 Nacos-Server:1.3.0
192.168.1.111 - - [08/Apr/2022:22:42:58 +0800] "POST /nacos/v1/ns/raft/beat HTTP/1.1" 500 - 2 Nacos-Server:1.3.0
192.168.1.111 - - [08/Apr/2022:22:43:03 +0800] "POST /nacos/v1/ns/raft/beat HTTP/1.1" 500 - 2 Nacos-Server:1.3.0
192.168.1.111 - - [08/Apr/2022:22:43:08 +0800] "POST /nacos/v1/ns/raft/beat HTTP/1.1" 500 - 2 Nacos-Server:1.3.0
192.168.1.111 - - [08/Apr/2022:22:43:13 +0800] "POST /nacos/v1/ns/raft/beat HTTP/1.1" 500 - 1 Nacos-Server:1.3.0
192.168.1.111 - - [08/Apr/2022:22:43:18 +0800] "POST /nacos/v1/ns/raft/beat HTTP/1.1" 500 - 2 Nacos-Server:1.3.0
192.168.1.111 - - [08/Apr/2022:22:43:23 +0800] "POST /nacos/v1/ns/raft/beat HTTP/1.1" 500 - 1 Nacos-Server:1.3.0
192.168.1.111 - - [08/Apr/2022:22:43:28 +0800] "POST /nacos/v1/ns/raft/beat HTTP/1.1" 500 - 3 Nacos-Server:1.3.0
192.168.1.111 - - [08/Apr/2022:22:43:33 +0800] "POST /nacos/v1/ns/raft/beat HTTP/1.1" 500 - 2 Nacos-Server:1.3.0
192.168.1.111 - - [08/Apr/2022:22:43:38 +0800] "POST /nacos/v1/ns/raft/beat HTTP/1.1" 500 - 2 Nacos-Server:1.3.0
192.168.1.111 - - [08/Apr/2022:22:43:44 +0800] "POST /nacos/v1/ns/raft/beat HTTP/1.1" 500 - 1 Nacos-Server:1.3.0
192.168.1.111 - - [08/Apr/2022:22:43:49 +0800] "POST /nacos/v1/ns/raft/beat HTTP/1.1" 500 - 3 Nacos-Server:1.3.0
192.168.1.111 - - [08/Apr/2022:22:43:54 +0800] "POST /nacos/v1/ns/raft/beat HTTP/1.1" 500 - 2 Nacos-Server:1.3.0
192.168.1.111 - - [08/Apr/2022:22:43:59 +0800] "POST /nacos/v1/ns/raft/beat HTTP/1.1" 500 - 3 Nacos-Server:1.3.0
127.0.0.1 - - [08/Apr/2022:22:44:01 +0800] "POST /nacos/v1/ns/instance?app=unknown&metadata=%7B%7D&ip=127.0.0.1&weight=1.0&ephemeral=true&serviceName=DEFAULT_GROUP%40%40com.chumyuenlaw.rpc.api.AddService&encoding=UTF-8&groupName=DEFAULT_GROUP&namespaceId=public&port=9001&enable=true&healthy=true&clusterName=DEFAULT HTTP/1.1" 200 2 2 Nacos-Java-Client:v1.3.0
127.0.0.1 - - [08/Apr/2022:22:44:01 +0800] "POST /nacos/v1/ns/instance?app=unknown&metadata=%7B%7D&ip=127.0.0.1&weight=1.0&ephemeral=true&serviceName=DEFAULT_GROUP%40%40com.chumyuenlaw.rpc.api.CanteenService&encoding=UTF-8&groupName=DEFAULT_GROUP&namespaceId=public&port=9001&enable=true&healthy=true&clusterName=DEFAULT HTTP/1.1" 200 2 2 Nacos-Java-Client:v1.3.0
192.168.1.111 - - [08/Apr/2022:22:44:04 +0800] "POST /nacos/v1/ns/raft/beat HTTP/1.1" 500 - 2 Nacos-Server:1.3.0
127.0.0.1 - - [08/Apr/2022:22:44:05 +0800] "PUT /nacos/v1/ns/instance/beat?app=unknown&namespaceId=public&port=9001&clusterName=DEFAULT&ip=127.0.0.1&serviceName=DEFAULT_GROUP%40%40com.chumyuenlaw.rpc.api.AddService&encoding=UTF-8 HTTP/1.1" 200 75 2 Nacos-Java-Client:v1.3.0
127.0.0.1 - - [08/Apr/2022:22:44:06 +0800] "PUT /nacos/v1/ns/instance/beat?app=unknown&namespaceId=public&port=9001&clusterName=DEFAULT&ip=127.0.0.1&serviceName=DEFAULT_GROUP%40%40com.chumyuenlaw.rpc.api.CanteenService&encoding=UTF-8 HTTP/1.1" 200 75 2 Nacos-Java-Client:v1.3.0
127.0.0.1 - - [08/Apr/2022:22:44:07 +0800] "GET /nacos/v1/ns/instance/list?app=unknown&healthyOnly=false&namespaceId=public&clientIP=192.168.1.111&serviceName=DEFAULT_GROUP%40%40com.chumyuenlaw.rpc.api.AddService&udpPort=58505&encoding=UTF-8 HTTP/1.1" 200 606 2 Nacos-Java-Client:v1.3.0
127.0.0.1 - - [08/Apr/2022:22:44:08 +0800] "GET /nacos/v1/ns/instance/list?app=unknown&healthyOnly=false&namespaceId=public&clientIP=192.168.1.111&serviceName=DEFAULT_GROUP%40%40com.chumyuenlaw.rpc.api.AddService&udpPort=58505&encoding=UTF-8 HTTP/1.1" 200 606 1 Nacos-Java-Client:v1.3.0
192.168.1.111 - - [08/Apr/2022:22:44:09 +0800] "POST /nacos/v1/ns/raft/beat HTTP/1.1" 500 - 1 Nacos-Server:1.3.0
127.0.0.1 - - [08/Apr/2022:22:44:10 +0800] "PUT /nacos/v1/ns/instance/beat?app=unknown&namespaceId=public&port=9001&clusterName=DEFAULT&ip=127.0.0.1&serviceName=DEFAULT_GROUP%40%40com.chumyuenlaw.rpc.api.AddService&encoding=UTF-8 HTTP/1.1" 200 75 1 Nacos-Java-Client:v1.3.0
127.0.0.1 - - [08/Apr/2022:22:44:11 +0800] "PUT /nacos/v1/ns/instance/beat?app=unknown&namespaceId=public&port=9001&clusterName=DEFAULT&ip=127.0.0.1&serviceName=DEFAULT_GROUP%40%40com.chumyuenlaw.rpc.api.CanteenService&encoding=UTF-8 HTTP/1.1" 200 75 1 Nacos-Java-Client:v1.3.0
192.168.1.111 - - [08/Apr/2022:22:44:14 +0800] "POST /nacos/v1/ns/raft/beat HTTP/1.1" 500 - 2 Nacos-Server:1.3.0
192.168.1.111 - - [08/Apr/2022:22:44:19 +0800] "POST /nacos/v1/ns/raft/beat HTTP/1.1" 500 - 2 Nacos-Server:1.3.0
192.168.1.111 - - [08/Apr/2022:22:44:24 +0800] "POST /nacos/v1/ns/raft/beat HTTP/1.1" 500 - 2 Nacos-Server:1.3.0
127.0.0.1 - - [08/Apr/2022:22:44:26 +0800] "POST /nacos/v1/ns/instance?app=unknown&metadata=%7B%7D&ip=127.0.0.1&weight=1.0&ephemeral=true&serviceName=DEFAULT_GROUP%40%40com.chumyuenlaw.rpc.api.AddService&encoding=UTF-8&groupName=DEFAULT_GROUP&namespaceId=public&port=9001&enable=true&healthy=true&clusterName=DEFAULT HTTP/1.1" 200 2 2 Nacos-Java-Client:v1.3.0
127.0.0.1 - - [08/Apr/2022:22:44:26 +0800] "POST /nacos/v1/ns/instance?app=unknown&metadata=%7B%7D&ip=127.0.0.1&weight=1.0&ephemeral=true&serviceName=DEFAULT_GROUP%40%40com.chumyuenlaw.rpc.api.CanteenService&encoding=UTF-8&groupName=DEFAULT_GROUP&namespaceId=public&port=9001&enable=true&healthy=true&clusterName=DEFAULT HTTP/1.1" 200 2 5 Nacos-Java-Client:v1.3.0
192.168.1.111 - - [08/Apr/2022:22:44:29 +0800] "POST /nacos/v1/ns/raft/beat HTTP/1.1" 500 - 3 Nacos-Server:1.3.0
127.0.0.1 - - [08/Apr/2022:22:44:30 +0800] "PUT /nacos/v1/ns/instance/beat?app=unknown&namespaceId=public&port=9001&clusterName=DEFAULT&ip=127.0.0.1&serviceName=DEFAULT_GROUP%40%40com.chumyuenlaw.rpc.api.AddService&encoding=UTF-8 HTTP/1.1" 200 75 1 Nacos-Java-Client:v1.3.0
127.0.0.1 - - [08/Apr/2022:22:44:31 +0800] "PUT /nacos/v1/ns/instance/beat?app=unknown&namespaceId=public&port=9001&clusterName=DEFAULT&ip=127.0.0.1&serviceName=DEFAULT_GROUP%40%40com.chumyuenlaw.rpc.api.CanteenService&encoding=UTF-8 HTTP/1.1" 200 75 3 Nacos-Java-Client:v1.3.0
192.168.1.111 - - [08/Apr/2022:22:44:34 +0800] "POST /nacos/v1/ns/raft/beat HTTP/1.1" 500 - 3 Nacos-Server:1.3.0
127.0.0.1 - - [08/Apr/2022:22:44:35 +0800] "PUT /nacos/v1/ns/instance/beat?app=unknown&namespaceId=public&port=9001&clusterName=DEFAULT&ip=127.0.0.1&serviceName=DEFAULT_GROUP%40%40com.chumyuenlaw.rpc.api.AddService&encoding=UTF-8 HTTP/1.1" 200 75 1 Nacos-Java-Client:v1.3.0
127.0.0.1 - - [08/Apr/2022:22:44:36 +0800] "PUT /nacos/v1/ns/instance/beat?app=unknown&namespaceId=public&port=9001&clusterName=DEFAULT&ip=127.0.0.1&serviceName=DEFAULT_GROUP%40%40com.chumyuenlaw.rpc.api.CanteenService&encoding=UTF-8 HTTP/1.1" 200 75 1 Nacos-Java-Client:v1.3.0
192.168.1.111 - - [08/Apr/2022:22:44:40 +0800] "POST /nacos/v1/ns/raft/beat HTTP/1.1" 500 - 2 Nacos-Server:1.3.0
127.0.0.1 - - [08/Apr/2022:22:44:40 +0800] "PUT /nacos/v1/ns/instance/beat?app=unknown&namespaceId=public&port=9001&clusterName=DEFAULT&ip=127.0.0.1&serviceName=DEFAULT_GROUP%40%40com.chumyuenlaw.rpc.api.AddService&encoding=UTF-8 HTTP/1.1" 200 75 2 Nacos-Java-Client:v1.3.0
127.0.0.1 - - [08/Apr/2022:22:44:41 +0800] "PUT /nacos/v1/ns/instance/beat?app=unknown&namespaceId=public&port=9001&clusterName=DEFAULT&ip=127.0.0.1&serviceName=DEFAULT_GROUP%40%40com.chumyuenlaw.rpc.api.CanteenService&encoding=UTF-8 HTTP/1.1" 200 75 1 Nacos-Java-Client:v1.3.0
192.168.1.111 - - [08/Apr/2022:22:44:45 +0800] "POST /nacos/v1/ns/raft/beat HTTP/1.1" 500 - 2 Nacos-Server:1.3.0
127.0.0.1 - - [08/Apr/2022:22:44:45 +0800] "PUT /nacos/v1/ns/instance/beat?app=unknown&namespaceId=public&port=9001&clusterName=DEFAULT&ip=127.0.0.1&serviceName=DEFAULT_GROUP%40%40com.chumyuenlaw.rpc.api.AddService&encoding=UTF-8 HTTP/1.1" 200 75 2 Nacos-Java-Client:v1.3.0
127.0.0.1 - - [08/Apr/2022:22:44:46 +0800] "PUT /nacos/v1/ns/instance/beat?app=unknown&namespaceId=public&port=9001&clusterName=DEFAULT&ip=127.0.0.1&serviceName=DEFAULT_GROUP%40%40com.chumyuenlaw.rpc.api.CanteenService&encoding=UTF-8 HTTP/1.1" 200 75 2 Nacos-Java-Client:v1.3.0
192.168.1.111 - - [08/Apr/2022:22:44:50 +0800] "POST /nacos/v1/ns/raft/beat HTTP/1.1" 500 - 2 Nacos-Server:1.3.0
127.0.0.1 - - [08/Apr/2022:22:44:50 +0800] "PUT /nacos/v1/ns/instance/beat?app=unknown&namespaceId=public&port=9001&clusterName=DEFAULT&ip=127.0.0.1&serviceName=DEFAULT_GROUP%40%40com.chumyuenlaw.rpc.api.AddService&encoding=UTF-8 HTTP/1.1" 200 75 2 Nacos-Java-Client:v1.3.0
127.0.0.1 - - [08/Apr/2022:22:44:51 +0800] "PUT /nacos/v1/ns/instance/beat?app=unknown&namespaceId=public&port=9001&clusterName=DEFAULT&ip=127.0.0.1&serviceName=DEFAULT_GROUP%40%40com.chumyuenlaw.rpc.api.CanteenService&encoding=UTF-8 HTTP/1.1" 200 75 1 Nacos-Java-Client:v1.3.0
192.168.1.111 - - [08/Apr/2022:22:44:55 +0800] "POST /nacos/v1/ns/raft/beat HTTP/1.1" 500 - 2 Nacos-Server:1.3.0
127.0.0.1 - - [08/Apr/2022:22:44:55 +0800] "PUT /nacos/v1/ns/instance/beat?app=unknown&namespaceId=public&port=9001&clusterName=DEFAULT&ip=127.0.0.1&serviceName=DEFAULT_GROUP%40%40com.chumyuenlaw.rpc.api.AddService&encoding=UTF-8 HTTP/1.1" 200 75 1 Nacos-Java-Client:v1.3.0
127.0.0.1 - - [08/Apr/2022:22:44:56 +0800] "PUT /nacos/v1/ns/instance/beat?app=unknown&namespaceId=public&port=9001&clusterName=DEFAULT&ip=127.0.0.1&serviceName=DEFAULT_GROUP%40%40com.chumyuenlaw.rpc.api.CanteenService&encoding=UTF-8 HTTP/1.1" 200 75 1 Nacos-Java-Client:v1.3.0
192.168.1.111 - - [08/Apr/2022:22:45:00 +0800] "POST /nacos/v1/ns/raft/beat HTTP/1.1" 500 - 3 Nacos-Server:1.3.0
127.0.0.1 - - [08/Apr/2022:22:45:00 +0800] "PUT /nacos/v1/ns/instance/beat?app=unknown&namespaceId=public&port=9001&clusterName=DEFAULT&ip=127.0.0.1&serviceName=DEFAULT_GROUP%40%40com.chumyuenlaw.rpc.api.AddService&encoding=UTF-8 HTTP/1.1" 200 75 1 Nacos-Java-Client:v1.3.0
127.0.0.1 - - [08/Apr/2022:22:45:01 +0800] "PUT /nacos/v1/ns/instance/beat?app=unknown&namespaceId=public&port=9001&clusterName=DEFAULT&ip=127.0.0.1&serviceName=DEFAULT_GROUP%40%40com.chumyuenlaw.rpc.api.CanteenService&encoding=UTF-8 HTTP/1.1" 200 75 1 Nacos-Java-Client:v1.3.0
192.168.1.111 - - [08/Apr/2022:22:45:05 +0800] "POST /nacos/v1/ns/raft/beat HTTP/1.1" 500 - 2 Nacos-Server:1.3.0
127.0.0.1 - - [08/Apr/2022:22:45:05 +0800] "PUT /nacos/v1/ns/instance/beat?app=unknown&namespaceId=public&port=9001&clusterName=DEFAULT&ip=127.0.0.1&serviceName=DEFAULT_GROUP%40%40com.chumyuenlaw.rpc.api.AddService&encoding=UTF-8 HTTP/1.1" 200 75 2 Nacos-Java-Client:v1.3.0
127.0.0.1 - - [08/Apr/2022:22:45:05 +0800] "GET /nacos/v1/ns/instance/list?app=unknown&healthyOnly=false&namespaceId=public&clientIP=192.168.1.111&serviceName=DEFAULT_GROUP%40%40com.chumyuenlaw.rpc.api.AddService&udpPort=53817&encoding=UTF-8 HTTP/1.1" 200 606 2 Nacos-Java-Client:v1.3.0
127.0.0.1 - - [08/Apr/2022:22:45:06 +0800] "PUT /nacos/v1/ns/instance/beat?app=unknown&namespaceId=public&port=9001&clusterName=DEFAULT&ip=127.0.0.1&serviceName=DEFAULT_GROUP%40%40com.chumyuenlaw.rpc.api.CanteenService&encoding=UTF-8 HTTP/1.1" 200 75 1 Nacos-Java-Client:v1.3.0
127.0.0.1 - - [08/Apr/2022:22:45:07 +0800] "GET /nacos/v1/ns/instance/list?app=unknown&healthyOnly=false&namespaceId=public&clientIP=192.168.1.111&serviceName=DEFAULT_GROUP%40%40com.chumyuenlaw.rpc.api.AddService&udpPort=53817&encoding=UTF-8 HTTP/1.1" 200 606 1 Nacos-Java-Client:v1.3.0
192.168.1.111 - - [08/Apr/2022:22:45:10 +0800] "POST /nacos/v1/ns/raft/beat HTTP/1.1" 500 - 2 Nacos-Server:1.3.0
127.0.0.1 - - [08/Apr/2022:22:45:10 +0800] "PUT /nacos/v1/ns/instance/beat?app=unknown&namespaceId=public&port=9001&clusterName=DEFAULT&ip=127.0.0.1&serviceName=DEFAULT_GROUP%40%40com.chumyuenlaw.rpc.api.AddService&encoding=UTF-8 HTTP/1.1" 200 75 1 Nacos-Java-Client:v1.3.0
127.0.0.1 - - [08/Apr/2022:22:45:11 +0800] "PUT /nacos/v1/ns/instance/beat?app=unknown&namespaceId=public&port=9001&clusterName=DEFAULT&ip=127.0.0.1&serviceName=DEFAULT_GROUP%40%40com.chumyuenlaw.rpc.api.CanteenService&encoding=UTF-8 HTTP/1.1" 200 75 1 Nacos-Java-Client:v1.3.0
192.168.1.111 - - [08/Apr/2022:22:45:15 +0800] "POST /nacos/v1/ns/raft/beat HTTP/1.1" 500 - 2 Nacos-Server:1.3.0
127.0.0.1 - - [08/Apr/2022:22:45:15 +0800] "PUT /nacos/v1/ns/instance/beat?app=unknown&namespaceId=public&port=9001&clusterName=DEFAULT&ip=127.0.0.1&serviceName=DEFAULT_GROUP%40%40com.chumyuenlaw.rpc.api.AddService&encoding=UTF-8 HTTP/1.1" 200 75 2 Nacos-Java-Client:v1.3.0
127.0.0.1 - - [08/Apr/2022:22:45:16 +0800] "PUT /nacos/v1/ns/instance/beat?app=unknown&namespaceId=public&port=9001&clusterName=DEFAULT&ip=127.0.0.1&serviceName=DEFAULT_GROUP%40%40com.chumyuenlaw.rpc.api.CanteenService&encoding=UTF-8 HTTP/1.1" 200 75 1 Nacos-Java-Client:v1.3.0
127.0.0.1 - - [08/Apr/2022:22:45:19 +0800] "GET /nacos/v1/ns/instance/list?app=unknown&healthyOnly=false&namespaceId=public&clientIP=192.168.1.111&serviceName=DEFAULT_GROUP%40%40com.chumyuenlaw.rpc.api.CanteenService&udpPort=60289&encoding=UTF-8 HTTP/1.1" 200 622 2 Nacos-Java-Client:v1.3.0
127.0.0.1 - - [08/Apr/2022:22:45:20 +0800] "GET /nacos/v1/ns/instance/list?app=unknown&healthyOnly=false&namespaceId=public&clientIP=192.168.1.111&serviceName=DEFAULT_GROUP%40%40com.chumyuenlaw.rpc.api.CanteenService&udpPort=60289&encoding=UTF-8 HTTP/1.1" 200 622 1 Nacos-Java-Client:v1.3.0
192.168.1.111 - - [08/Apr/2022:22:45:20 +0800] "POST /nacos/v1/ns/raft/beat HTTP/1.1" 500 - 2 Nacos-Server:1.3.0
127.0.0.1 - - [08/Apr/2022:22:45:20 +0800] "PUT /nacos/v1/ns/instance/beat?app=unknown&namespaceId=public&port=9001&clusterName=DEFAULT&ip=127.0.0.1&serviceName=DEFAULT_GROUP%40%40com.chumyuenlaw.rpc.api.AddService&encoding=UTF-8 HTTP/1.1" 200 75 1 Nacos-Java-Client:v1.3.0
127.0.0.1 - - [08/Apr/2022:22:45:21 +0800] "PUT /nacos/v1/ns/instance/beat?app=unknown&namespaceId=public&port=9001&clusterName=DEFAULT&ip=127.0.0.1&serviceName=DEFAULT_GROUP%40%40com.chumyuenlaw.rpc.api.CanteenService&encoding=UTF-8 HTTP/1.1" 200 75 2 Nacos-Java-Client:v1.3.0
127.0.0.1 - - [08/Apr/2022:22:45:25 +0800] "PUT /nacos/v1/ns/instance/beat?app=unknown&namespaceId=public&port=9001&clusterName=DEFAULT&ip=127.0.0.1&serviceName=DEFAULT_GROUP%40%40com.chumyuenlaw.rpc.api.AddService&encoding=UTF-8 HTTP/1.1" 200 75 2 Nacos-Java-Client:v1.3.0
192.168.1.111 - - [08/Apr/2022:22:45:25 +0800] "POST /nacos/v1/ns/raft/beat HTTP/1.1" 500 - 1 Nacos-Server:1.3.0
127.0.0.1 - - [08/Apr/2022:22:45:26 +0800] "PUT /nacos/v1/ns/instance/beat?app=unknown&namespaceId=public&port=9001&clusterName=DEFAULT&ip=127.0.0.1&serviceName=DEFAULT_GROUP%40%40com.chumyuenlaw.rpc.api.CanteenService&encoding=UTF-8 HTTP/1.1" 200 75 1 Nacos-Java-Client:v1.3.0
127.0.0.1 - - [08/Apr/2022:22:45:30 +0800] "GET /nacos/v1/ns/instance/list?app=unknown&healthyOnly=false&namespaceId=public&clientIP=192.168.1.111&serviceName=DEFAULT_GROUP%40%40com.chumyuenlaw.rpc.api.CanteenService&udpPort=60289&encoding=UTF-8 HTTP/1.1" 200 622 2 Nacos-Java-Client:v1.3.0
127.0.0.1 - - [08/Apr/2022:22:45:30 +0800] "PUT /nacos/v1/ns/instance/beat?app=unknown&namespaceId=public&port=9001&clusterName=DEFAULT&ip=127.0.0.1&serviceName=DEFAULT_GROUP%40%40com.chumyuenlaw.rpc.api.AddService&encoding=UTF-8 HTTP/1.1" 200 75 1 Nacos-Java-Client:v1.3.0
192.168.1.111 - - [08/Apr/2022:22:45:30 +0800] "POST /nacos/v1/ns/raft/beat HTTP/1.1" 500 - 2 Nacos-Server:1.3.0
127.0.0.1 - - [08/Apr/2022:22:45:31 +0800] "PUT /nacos/v1/ns/instance/beat?app=unknown&namespaceId=public&port=9001&clusterName=DEFAULT&ip=127.0.0.1&serviceName=DEFAULT_GROUP%40%40com.chumyuenlaw.rpc.api.CanteenService&encoding=UTF-8 HTTP/1.1" 200 75 1 Nacos-Java-Client:v1.3.0
127.0.0.1 - - [08/Apr/2022:22:45:35 +0800] "PUT /nacos/v1/ns/instance/beat?app=unknown&namespaceId=public&port=9001&clusterName=DEFAULT&ip=127.0.0.1&serviceName=DEFAULT_GROUP%40%40com.chumyuenlaw.rpc.api.AddService&encoding=UTF-8 HTTP/1.1" 200 75 1 Nacos-Java-Client:v1.3.0
192.168.1.111 - - [08/Apr/2022:22:45:36 +0800] "POST /nacos/v1/ns/raft/beat HTTP/1.1" 500 - 2 Nacos-Server:1.3.0
127.0.0.1 - - [08/Apr/2022:22:45:36 +0800] "PUT /nacos/v1/ns/instance/beat?app=unknown&namespaceId=public&port=9001&clusterName=DEFAULT&ip=127.0.0.1&serviceName=DEFAULT_GROUP%40%40com.chumyuenlaw.rpc.api.CanteenService&encoding=UTF-8 HTTP/1.1" 200 75 1 Nacos-Java-Client:v1.3.0
127.0.0.1 - - [08/Apr/2022:22:45:40 +0800] "PUT /nacos/v1/ns/instance/beat?app=unknown&namespaceId=public&port=9001&clusterName=DEFAULT&ip=127.0.0.1&serviceName=DEFAULT_GROUP%40%40com.chumyuenlaw.rpc.api.AddService&encoding=UTF-8 HTTP/1.1" 200 75 2 Nacos-Java-Client:v1.3.0
192.168.1.111 - - [08/Apr/2022:22:45:41 +0800] "POST /nacos/v1/ns/raft/beat HTTP/1.1" 500 - 2 Nacos-Server:1.3.0
127.0.0.1 - - [08/Apr/2022:22:45:41 +0800] "PUT /nacos/v1/ns/instance/beat?app=unknown&namespaceId=public&port=9001&clusterName=DEFAULT&ip=127.0.0.1&serviceName=DEFAULT_GROUP%40%40com.chumyuenlaw.rpc.api.CanteenService&encoding=UTF-8 HTTP/1.1" 200 75 0 Nacos-Java-Client:v1.3.0
127.0.0.1 - - [08/Apr/2022:22:45:45 +0800] "PUT /nacos/v1/ns/instance/beat?app=unknown&namespaceId=public&port=9001&clusterName=DEFAULT&ip=127.0.0.1&serviceName=DEFAULT_GROUP%40%40com.chumyuenlaw.rpc.api.AddService&encoding=UTF-8 HTTP/1.1" 200 75 2 Nacos-Java-Client:v1.3.0
192.168.1.111 - - [08/Apr/2022:22:45:46 +0800] "POST /nacos/v1/ns/raft/beat HTTP/1.1" 500 - 1 Nacos-Server:1.3.0
127.0.0.1 - - [08/Apr/2022:22:45:46 +0800] "PUT /nacos/v1/ns/instance/beat?app=unknown&namespaceId=public&port=9001&clusterName=DEFAULT&ip=127.0.0.1&serviceName=DEFAULT_GROUP%40%40com.chumyuenlaw.rpc.api.CanteenService&encoding=UTF-8 HTTP/1.1" 200 75 1 Nacos-Java-Client:v1.3.0
127.0.0.1 - - [08/Apr/2022:22:45:50 +0800] "PUT /nacos/v1/ns/instance/beat?app=unknown&namespaceId=public&port=9001&clusterName=DEFAULT&ip=127.0.0.1&serviceName=DEFAULT_GROUP%40%40com.chumyuenlaw.rpc.api.AddService&encoding=UTF-8 HTTP/1.1" 200 75 2 Nacos-Java-Client:v1.3.0
192.168.1.111 - - [08/Apr/2022:22:45:51 +0800] "POST /nacos/v1/ns/raft/beat HTTP/1.1" 500 - 2 Nacos-Server:1.3.0
127.0.0.1 - - [08/Apr/2022:22:45:51 +0800] "PUT /nacos/v1/ns/instance/beat?app=unknown&namespaceId=public&port=9001&clusterName=DEFAULT&ip=127.0.0.1&serviceName=DEFAULT_GROUP%40%40com.chumyuenlaw.rpc.api.CanteenService&encoding=UTF-8 HTTP/1.1" 200 75 1 Nacos-Java-Client:v1.3.0
127.0.0.1 - - [08/Apr/2022:22:45:55 +0800] "PUT /nacos/v1/ns/instance/beat?app=unknown&namespaceId=public&port=9001&clusterName=DEFAULT&ip=127.0.0.1&serviceName=DEFAULT_GROUP%40%40com.chumyuenlaw.rpc.api.AddService&encoding=UTF-8 HTTP/1.1" 200 75 2 Nacos-Java-Client:v1.3.0
192.168.1.111 - - [08/Apr/2022:22:45:56 +0800] "POST /nacos/v1/ns/raft/beat HTTP/1.1" 500 - 3 Nacos-Server:1.3.0
127.0.0.1 - - [08/Apr/2022:22:45:56 +0800] "PUT /nacos/v1/ns/instance/beat?app=unknown&namespaceId=public&port=9001&clusterName=DEFAULT&ip=127.0.0.1&serviceName=DEFAULT_GROUP%40%40com.chumyuenlaw.rpc.api.CanteenService&encoding=UTF-8 HTTP/1.1" 200 75 2 Nacos-Java-Client:v1.3.0
127.0.0.1 - - [08/Apr/2022:22:46:00 +0800] "PUT /nacos/v1/ns/instance/beat?app=unknown&namespaceId=public&port=9001&clusterName=DEFAULT&ip=127.0.0.1&serviceName=DEFAULT_GROUP%40%40com.chumyuenlaw.rpc.api.AddService&encoding=UTF-8 HTTP/1.1" 200 75 2 Nacos-Java-Client:v1.3.0
192.168.1.111 - - [08/Apr/2022:22:46:01 +0800] "POST /nacos/v1/ns/raft/beat HTTP/1.1" 500 - 2 Nacos-Server:1.3.0
127.0.0.1 - - [08/Apr/2022:22:46:01 +0800] "PUT /nacos/v1/ns/instance/beat?app=unknown&namespaceId=public&port=9001&clusterName=DEFAULT&ip=127.0.0.1&serviceName=DEFAULT_GROUP%40%40com.chumyuenlaw.rpc.api.CanteenService&encoding=UTF-8 HTTP/1.1" 200 75 1 Nacos-Java-Client:v1.3.0
127.0.0.1 - - [08/Apr/2022:22:46:02 +0800] "GET /nacos/v1/console/server/state?accessToken=eyJhbGciOiJIUzI1NiJ9.eyJzdWIiOiJuYWNvcyIsImV4cCI6MTY0NTQ0NDk5OH0.ncfL6a4PXsK4HDriG3R_As0VcrcPXCnUOjZrpZKZ8aY HTTP/1.1" 200 82 11 Mozilla/5.0 (Windows NT 10.0; Win64; x64) AppleWebKit/537.36 (KHTML, like Gecko) Chrome/100.0.4896.75 Safari/537.36
127.0.0.1 - - [08/Apr/2022:22:46:02 +0800] "GET /nacos/v1/console/namespaces?&accessToken=eyJhbGciOiJIUzI1NiJ9.eyJzdWIiOiJuYWNvcyIsImV4cCI6MTY0NTQ0NDk5OH0.ncfL6a4PXsK4HDriG3R_As0VcrcPXCnUOjZrpZKZ8aY&namespaceId= HTTP/1.1" 200 250 28 Mozilla/5.0 (Windows NT 10.0; Win64; x64) AppleWebKit/537.36 (KHTML, like Gecko) Chrome/100.0.4896.75 Safari/537.36
127.0.0.1 - - [08/Apr/2022:22:46:02 +0800] "GET /nacos/console-fe/public/icons/icon-font.woff2 HTTP/1.1" 404 177 136 Mozilla/5.0 (Windows NT 10.0; Win64; x64) AppleWebKit/537.36 (KHTML, like Gecko) Chrome/100.0.4896.75 Safari/537.36
127.0.0.1 - - [08/Apr/2022:22:46:02 +0800] "GET /nacos/v1/cs/configs?dataId=&group=&appName=&config_tags=&pageNo=1&pageSize=10&tenant=&search=accurate&accessToken=eyJhbGciOiJIUzI1NiJ9.eyJzdWIiOiJuYWNvcyIsImV4cCI6MTY0NTQ0NDk5OH0.ncfL6a4PXsK4HDriG3R_As0VcrcPXCnUOjZrpZKZ8aY HTTP/1.1" 200 76 62 Mozilla/5.0 (Windows NT 10.0; Win64; x64) AppleWebKit/537.36 (KHTML, like Gecko) Chrome/100.0.4896.75 Safari/537.36
127.0.0.1 - - [08/Apr/2022:22:46:04 +0800] "GET /nacos/v1/ns/catalog/services?hasIpCount=true&withInstances=false&pageNo=1&pageSize=10&serviceNameParam=&groupNameParam=&accessToken=eyJhbGciOiJIUzI1NiJ9.eyJzdWIiOiJuYWNvcyIsImV4cCI6MTY0NTQ0NDk5OH0.ncfL6a4PXsK4HDriG3R_As0VcrcPXCnUOjZrpZKZ8aY&namespaceId= HTTP/1.1" 200 343 20 Mozilla/5.0 (Windows NT 10.0; Win64; x64) AppleWebKit/537.36 (KHTML, like Gecko) Chrome/100.0.4896.75 Safari/537.36
127.0.0.1 - - [08/Apr/2022:22:46:05 +0800] "PUT /nacos/v1/ns/instance/beat?app=unknown&namespaceId=public&port=9001&clusterName=DEFAULT&ip=127.0.0.1&serviceName=DEFAULT_GROUP%40%40com.chumyuenlaw.rpc.api.AddService&encoding=UTF-8 HTTP/1.1" 200 75 1 Nacos-Java-Client:v1.3.0
127.0.0.1 - - [08/Apr/2022:22:46:06 +0800] "PUT /nacos/v1/ns/instance/beat?app=unknown&namespaceId=public&port=9001&clusterName=DEFAULT&ip=127.0.0.1&serviceName=DEFAULT_GROUP%40%40com.chumyuenlaw.rpc.api.CanteenService&encoding=UTF-8 HTTP/1.1" 200 75 2 Nacos-Java-Client:v1.3.0
192.168.1.111 - - [08/Apr/2022:22:46:06 +0800] "POST /nacos/v1/ns/raft/beat HTTP/1.1" 500 - 2 Nacos-Server:1.3.0
127.0.0.1 - - [08/Apr/2022:22:46:10 +0800] "GET /nacos/console-fe/public/js/vs/language/json/jsonMode.js HTTP/1.1" 200 36549 138 Mozilla/5.0 (Windows NT 10.0; Win64; x64) AppleWebKit/537.36 (KHTML, like Gecko) Chrome/100.0.4896.75 Safari/537.36
127.0.0.1 - - [08/Apr/2022:22:46:10 +0800] "GET /nacos/v1/ns/catalog/service?serviceName=com.chumyuenlaw.rpc.api.CanteenService&groupName=DEFAULT_GROUP&accessToken=eyJhbGciOiJIUzI1NiJ9.eyJzdWIiOiJuYWNvcyIsImV4cCI6MTY0NTQ0NDk5OH0.ncfL6a4PXsK4HDriG3R_As0VcrcPXCnUOjZrpZKZ8aY&namespaceId= HTTP/1.1" 200 374 141 Mozilla/5.0 (Windows NT 10.0; Win64; x64) AppleWebKit/537.36 (KHTML, like Gecko) Chrome/100.0.4896.75 Safari/537.36
127.0.0.1 - - [08/Apr/2022:22:46:10 +0800] "GET /nacos/console-fe/public/js/vs/base/worker/workerMain.js HTTP/1.1" 200 151535 109 Mozilla/5.0 (Windows NT 10.0; Win64; x64) AppleWebKit/537.36 (KHTML, like Gecko) Chrome/100.0.4896.75 Safari/537.36
127.0.0.1 - - [08/Apr/2022:22:46:10 +0800] "GET /nacos/v1/ns/catalog/instances?&accessToken=eyJhbGciOiJIUzI1NiJ9.eyJzdWIiOiJuYWNvcyIsImV4cCI6MTY0NTQ0NDk5OH0.ncfL6a4PXsK4HDriG3R_As0VcrcPXCnUOjZrpZKZ8aY&serviceName=com.chumyuenlaw.rpc.api.CanteenService&clusterName=DEFAULT&groupName=DEFAULT_GROUP&pageSize=10&pageNo=1&namespaceId= HTTP/1.1" 200 500 4 Mozilla/5.0 (Windows NT 10.0; Win64; x64) AppleWebKit/537.36 (KHTML, like Gecko) Chrome/100.0.4896.75 Safari/537.36
127.0.0.1 - - [08/Apr/2022:22:46:10 +0800] "GET /nacos/console-fe/public/js/vs/language/json/jsonWorker.js HTTP/1.1" 200 93035 27 Mozilla/5.0 (Windows NT 10.0; Win64; x64) AppleWebKit/537.36 (KHTML, like Gecko) Chrome/100.0.4896.75 Safari/537.36
